---
source: full-moon/tests/pass_cases.rs
expression: ast.nodes()
input_file: full-moon/tests/luax_cases/pass/attribute-var
---
stmts: []
last_stmt:
  - Return:
      token:
        leading_trivia: []
        token:
          start_position:
            bytes: 0
            line: 1
            character: 1
          end_position:
            bytes: 6
            line: 1
            character: 7
          token_type:
            type: Symbol
            symbol: return
        trailing_trivia:
          - start_position:
              bytes: 6
              line: 1
              character: 7
            end_position:
              bytes: 7
              line: 1
              character: 8
            token_type:
              type: Whitespace
              characters: " "
      returns:
        pairs:
          - End:
              LuaxElement:
                opening_element:
                  opening_bracket:
                    leading_trivia: []
                    token:
                      start_position:
                        bytes: 7
                        line: 1
                        character: 8
                      end_position:
                        bytes: 8
                        line: 1
                        character: 9
                      token_type:
                        type: Symbol
                        symbol: "<"
                    trailing_trivia: []
                  name:
                    Name:
                      leading_trivia: []
                      token:
                        start_position:
                          bytes: 8
                          line: 1
                          character: 9
                        end_position:
                          bytes: 17
                          line: 1
                          character: 18
                        token_type:
                          type: Identifier
                          identifier: Component
                      trailing_trivia:
                        - start_position:
                            bytes: 17
                            line: 1
                            character: 18
                          end_position:
                            bytes: 18
                            line: 1
                            character: 19
                          token_type:
                            type: Whitespace
                            characters: " "
                  attributes:
                    - name:
                        Expression:
                          prefix:
                            Name:
                              leading_trivia: []
                              token:
                                start_position:
                                  bytes: 18
                                  line: 1
                                  character: 19
                                end_position:
                                  bytes: 23
                                  line: 1
                                  character: 24
                                token_type:
                                  type: Identifier
                                  identifier: React
                              trailing_trivia: []
                          suffixes:
                            - Index:
                                Dot:
                                  dot:
                                    leading_trivia: []
                                    token:
                                      start_position:
                                        bytes: 23
                                        line: 1
                                        character: 24
                                      end_position:
                                        bytes: 24
                                        line: 1
                                        character: 25
                                      token_type:
                                        type: Symbol
                                        symbol: "."
                                    trailing_trivia: []
                                  name:
                                    leading_trivia: []
                                    token:
                                      start_position:
                                        bytes: 24
                                        line: 1
                                        character: 25
                                      end_position:
                                        bytes: 30
                                        line: 1
                                        character: 31
                                      token_type:
                                        type: Identifier
                                        identifier: Change
                                    trailing_trivia: []
                            - Index:
                                Dot:
                                  dot:
                                    leading_trivia: []
                                    token:
                                      start_position:
                                        bytes: 30
                                        line: 1
                                        character: 31
                                      end_position:
                                        bytes: 31
                                        line: 1
                                        character: 32
                                      token_type:
                                        type: Symbol
                                        symbol: "."
                                    trailing_trivia: []
                                  name:
                                    leading_trivia: []
                                    token:
                                      start_position:
                                        bytes: 31
                                        line: 1
                                        character: 32
                                      end_position:
                                        bytes: 35
                                        line: 1
                                        character: 36
                                      token_type:
                                        type: Identifier
                                        identifier: Text
                                    trailing_trivia: []
                      equals:
                        leading_trivia: []
                        token:
                          start_position:
                            bytes: 35
                            line: 1
                            character: 36
                          end_position:
                            bytes: 36
                            line: 1
                            character: 37
                          token_type:
                            type: Symbol
                            symbol: "="
                        trailing_trivia: []
                      opening_brace:
                        leading_trivia: []
                        token:
                          start_position:
                            bytes: 36
                            line: 1
                            character: 37
                          end_position:
                            bytes: 37
                            line: 1
                            character: 38
                          token_type:
                            type: Symbol
                            symbol: "{"
                        trailing_trivia: []
                      value:
                        Function:
                          - leading_trivia: []
                            token:
                              start_position:
                                bytes: 37
                                line: 1
                                character: 38
                              end_position:
                                bytes: 45
                                line: 1
                                character: 46
                              token_type:
                                type: Symbol
                                symbol: function
                            trailing_trivia: []
                          - parameters_parentheses:
                              tokens:
                                - leading_trivia: []
                                  token:
                                    start_position:
                                      bytes: 45
                                      line: 1
                                      character: 46
                                    end_position:
                                      bytes: 46
                                      line: 1
                                      character: 47
                                    token_type:
                                      type: Symbol
                                      symbol: (
                                  trailing_trivia: []
                                - leading_trivia: []
                                  token:
                                    start_position:
                                      bytes: 47
                                      line: 1
                                      character: 48
                                    end_position:
                                      bytes: 48
                                      line: 1
                                      character: 49
                                    token_type:
                                      type: Symbol
                                      symbol: )
                                  trailing_trivia:
                                    - start_position:
                                        bytes: 48
                                        line: 1
                                        character: 49
                                      end_position:
                                        bytes: 49
                                        line: 1
                                        character: 50
                                      token_type:
                                        type: Whitespace
                                        characters: " "
                            parameters:
                              pairs:
                                - End:
                                    Name:
                                      leading_trivia: []
                                      token:
                                        start_position:
                                          bytes: 46
                                          line: 1
                                          character: 47
                                        end_position:
                                          bytes: 47
                                          line: 1
                                          character: 48
                                        token_type:
                                          type: Identifier
                                          identifier: e
                                      trailing_trivia: []
                            block:
                              stmts: []
                              last_stmt:
                                - Return:
                                    token:
                                      leading_trivia: []
                                      token:
                                        start_position:
                                          bytes: 49
                                          line: 1
                                          character: 50
                                        end_position:
                                          bytes: 55
                                          line: 1
                                          character: 56
                                        token_type:
                                          type: Symbol
                                          symbol: return
                                      trailing_trivia:
                                        - start_position:
                                            bytes: 55
                                            line: 1
                                            character: 56
                                          end_position:
                                            bytes: 56
                                            line: 1
                                            character: 57
                                          token_type:
                                            type: Whitespace
                                            characters: " "
                                    returns:
                                      pairs:
                                        - End:
                                            String:
                                              leading_trivia: []
                                              token:
                                                start_position:
                                                  bytes: 56
                                                  line: 1
                                                  character: 57
                                                end_position:
                                                  bytes: 59
                                                  line: 1
                                                  character: 60
                                                token_type:
                                                  type: StringLiteral
                                                  literal: a
                                                  quote_type: Double
                                              trailing_trivia:
                                                - start_position:
                                                    bytes: 59
                                                    line: 1
                                                    character: 60
                                                  end_position:
                                                    bytes: 60
                                                    line: 1
                                                    character: 61
                                                  token_type:
                                                    type: Whitespace
                                                    characters: " "
                                - ~
                            end_token:
                              leading_trivia: []
                              token:
                                start_position:
                                  bytes: 60
                                  line: 1
                                  character: 61
                                end_position:
                                  bytes: 63
                                  line: 1
                                  character: 64
                                token_type:
                                  type: Symbol
                                  symbol: end
                              trailing_trivia: []
                      closing_brace:
                        leading_trivia: []
                        token:
                          start_position:
                            bytes: 63
                            line: 1
                            character: 64
                          end_position:
                            bytes: 64
                            line: 1
                            character: 65
                          token_type:
                            type: Symbol
                            symbol: "}"
                        trailing_trivia:
                          - start_position:
                              bytes: 64
                              line: 1
                              character: 65
                            end_position:
                              bytes: 65
                              line: 1
                              character: 66
                            token_type:
                              type: Whitespace
                              characters: " "
                  self_closing:
                    leading_trivia: []
                    token:
                      start_position:
                        bytes: 65
                        line: 1
                        character: 66
                      end_position:
                        bytes: 66
                        line: 1
                        character: 67
                      token_type:
                        type: Symbol
                        symbol: /
                    trailing_trivia: []
                  closing_bracket:
                    leading_trivia: []
                    token:
                      start_position:
                        bytes: 66
                        line: 1
                        character: 67
                      end_position:
                        bytes: 67
                        line: 1
                        character: 68
                      token_type:
                        type: Symbol
                        symbol: ">"
                    trailing_trivia:
                      - start_position:
                          bytes: 67
                          line: 1
                          character: 68
                        end_position:
                          bytes: 68
                          line: 1
                          character: 68
                        token_type:
                          type: Whitespace
                          characters: "\n"
                children: []
                closing_element: ~
  - ~

