---
source: full-moon/tests/pass_cases.rs
expression: tokens
input_file: full-moon/tests/luax_cases/pass/children-multiple
---
- start_position:
    bytes: 0
    line: 1
    character: 1
  end_position:
    bytes: 6
    line: 1
    character: 7
  token_type:
    type: Symbol
    symbol: return
- start_position:
    bytes: 6
    line: 1
    character: 7
  end_position:
    bytes: 7
    line: 1
    character: 8
  token_type:
    type: Whitespace
    characters: " "
- start_position:
    bytes: 7
    line: 1
    character: 8
  end_position:
    bytes: 8
    line: 1
    character: 9
  token_type:
    type: Symbol
    symbol: (
- start_position:
    bytes: 8
    line: 1
    character: 9
  end_position:
    bytes: 9
    line: 1
    character: 9
  token_type:
    type: Whitespace
    characters: "\n"
- start_position:
    bytes: 9
    line: 2
    character: 1
  end_position:
    bytes: 10
    line: 2
    character: 2
  token_type:
    type: Whitespace
    characters: "\t"
- start_position:
    bytes: 10
    line: 2
    character: 2
  end_position:
    bytes: 11
    line: 2
    character: 3
  token_type:
    type: Symbol
    symbol: "<"
- start_position:
    bytes: 11
    line: 2
    character: 3
  end_position:
    bytes: 20
    line: 2
    character: 12
  token_type:
    type: Identifier
    identifier: Component
- start_position:
    bytes: 20
    line: 2
    character: 12
  end_position:
    bytes: 21
    line: 2
    character: 13
  token_type:
    type: Symbol
    symbol: ">"
- start_position:
    bytes: 21
    line: 2
    character: 13
  end_position:
    bytes: 22
    line: 2
    character: 13
  token_type:
    type: Whitespace
    characters: "\n"
- start_position:
    bytes: 22
    line: 3
    character: 1
  end_position:
    bytes: 24
    line: 3
    character: 3
  token_type:
    type: Whitespace
    characters: "\t\t"
- start_position:
    bytes: 24
    line: 3
    character: 3
  end_position:
    bytes: 25
    line: 3
    character: 4
  token_type:
    type: Symbol
    symbol: "<"
- start_position:
    bytes: 25
    line: 3
    character: 4
  end_position:
    bytes: 31
    line: 3
    character: 10
  token_type:
    type: Identifier
    identifier: Child1
- start_position:
    bytes: 31
    line: 3
    character: 10
  end_position:
    bytes: 32
    line: 3
    character: 11
  token_type:
    type: Symbol
    symbol: /
- start_position:
    bytes: 32
    line: 3
    character: 11
  end_position:
    bytes: 33
    line: 3
    character: 12
  token_type:
    type: Symbol
    symbol: ">"
- start_position:
    bytes: 33
    line: 3
    character: 12
  end_position:
    bytes: 34
    line: 3
    character: 12
  token_type:
    type: Whitespace
    characters: "\n"
- start_position:
    bytes: 34
    line: 4
    character: 1
  end_position:
    bytes: 36
    line: 4
    character: 3
  token_type:
    type: Whitespace
    characters: "\t\t"
- start_position:
    bytes: 36
    line: 4
    character: 3
  end_position:
    bytes: 37
    line: 4
    character: 4
  token_type:
    type: Symbol
    symbol: "<"
- start_position:
    bytes: 37
    line: 4
    character: 4
  end_position:
    bytes: 43
    line: 4
    character: 10
  token_type:
    type: Identifier
    identifier: Child2
- start_position:
    bytes: 43
    line: 4
    character: 10
  end_position:
    bytes: 44
    line: 4
    character: 11
  token_type:
    type: Symbol
    symbol: /
- start_position:
    bytes: 44
    line: 4
    character: 11
  end_position:
    bytes: 45
    line: 4
    character: 12
  token_type:
    type: Symbol
    symbol: ">"
- start_position:
    bytes: 45
    line: 4
    character: 12
  end_position:
    bytes: 46
    line: 4
    character: 12
  token_type:
    type: Whitespace
    characters: "\n"
- start_position:
    bytes: 46
    line: 5
    character: 1
  end_position:
    bytes: 47
    line: 5
    character: 2
  token_type:
    type: Whitespace
    characters: "\t"
- start_position:
    bytes: 47
    line: 5
    character: 2
  end_position:
    bytes: 48
    line: 5
    character: 3
  token_type:
    type: Symbol
    symbol: "<"
- start_position:
    bytes: 48
    line: 5
    character: 3
  end_position:
    bytes: 49
    line: 5
    character: 4
  token_type:
    type: Symbol
    symbol: /
- start_position:
    bytes: 49
    line: 5
    character: 4
  end_position:
    bytes: 58
    line: 5
    character: 13
  token_type:
    type: Identifier
    identifier: Component
- start_position:
    bytes: 58
    line: 5
    character: 13
  end_position:
    bytes: 59
    line: 5
    character: 14
  token_type:
    type: Symbol
    symbol: ">"
- start_position:
    bytes: 59
    line: 5
    character: 14
  end_position:
    bytes: 60
    line: 5
    character: 14
  token_type:
    type: Whitespace
    characters: "\n"
- start_position:
    bytes: 60
    line: 6
    character: 1
  end_position:
    bytes: 61
    line: 6
    character: 2
  token_type:
    type: Symbol
    symbol: )
- start_position:
    bytes: 61
    line: 6
    character: 2
  end_position:
    bytes: 62
    line: 6
    character: 2
  token_type:
    type: Whitespace
    characters: "\n"
- start_position:
    bytes: 62
    line: 7
    character: 1
  end_position:
    bytes: 62
    line: 7
    character: 1
  token_type:
    type: Eof

