---
source: full-moon/tests/pass_cases.rs
expression: tokens
input_file: full-moon/tests/luax_cases/pass/component
---
- start_position:
    bytes: 0
    line: 1
    character: 1
  end_position:
    bytes: 1
    line: 1
    character: 2
  token_type:
    type: Symbol
    symbol: "<"
- start_position:
    bytes: 1
    line: 1
    character: 2
  end_position:
    bytes: 10
    line: 1
    character: 11
  token_type:
    type: Identifier
    identifier: Component
- start_position:
    bytes: 10
    line: 1
    character: 11
  end_position:
    bytes: 11
    line: 1
    character: 12
  token_type:
    type: Symbol
    symbol: ">"
- start_position:
    bytes: 11
    line: 1
    character: 12
  end_position:
    bytes: 12
    line: 1
    character: 13
  token_type:
    type: Symbol
    symbol: "<"
- start_position:
    bytes: 12
    line: 1
    character: 13
  end_position:
    bytes: 13
    line: 1
    character: 14
  token_type:
    type: Symbol
    symbol: /
- start_position:
    bytes: 13
    line: 1
    character: 14
  end_position:
    bytes: 22
    line: 1
    character: 23
  token_type:
    type: Identifier
    identifier: Component
- start_position:
    bytes: 22
    line: 1
    character: 23
  end_position:
    bytes: 23
    line: 1
    character: 24
  token_type:
    type: Symbol
    symbol: ">"
- start_position:
    bytes: 23
    line: 1
    character: 24
  end_position:
    bytes: 24
    line: 1
    character: 24
  token_type:
    type: Whitespace
    characters: "\n"
- start_position:
    bytes: 24
    line: 2
    character: 1
  end_position:
    bytes: 24
    line: 2
    character: 1
  token_type:
    type: Eof

