---
source: full-moon/tests/pass_cases.rs
expression: ast.nodes()
input_file: full-moon/tests/luax_cases/pass/fragment
---
stmts: []
last_stmt:
  - Return:
      token:
        leading_trivia: []
        token:
          start_position:
            bytes: 0
            line: 1
            character: 1
          end_position:
            bytes: 6
            line: 1
            character: 7
          token_type:
            type: Symbol
            symbol: return
        trailing_trivia:
          - start_position:
              bytes: 6
              line: 1
              character: 7
            end_position:
              bytes: 7
              line: 1
              character: 8
            token_type:
              type: Whitespace
              characters: " "
      returns:
        pairs:
          - End:
              LuaxFragment:
                opening_fragment:
                  opening_bracket:
                    leading_trivia: []
                    token:
                      start_position:
                        bytes: 7
                        line: 1
                        character: 8
                      end_position:
                        bytes: 8
                        line: 1
                        character: 9
                      token_type:
                        type: Symbol
                        symbol: "<"
                    trailing_trivia: []
                  closing_bracket:
                    leading_trivia: []
                    token:
                      start_position:
                        bytes: 8
                        line: 1
                        character: 9
                      end_position:
                        bytes: 9
                        line: 1
                        character: 10
                      token_type:
                        type: Symbol
                        symbol: ">"
                    trailing_trivia: []
                children: []
                closing_fragment:
                  opening_bracket:
                    leading_trivia: []
                    token:
                      start_position:
                        bytes: 9
                        line: 1
                        character: 10
                      end_position:
                        bytes: 10
                        line: 1
                        character: 11
                      token_type:
                        type: Symbol
                        symbol: "<"
                    trailing_trivia: []
                  slash:
                    leading_trivia: []
                    token:
                      start_position:
                        bytes: 10
                        line: 1
                        character: 11
                      end_position:
                        bytes: 11
                        line: 1
                        character: 12
                      token_type:
                        type: Symbol
                        symbol: /
                    trailing_trivia: []
                  closing_bracket:
                    leading_trivia: []
                    token:
                      start_position:
                        bytes: 11
                        line: 1
                        character: 12
                      end_position:
                        bytes: 12
                        line: 1
                        character: 13
                      token_type:
                        type: Symbol
                        symbol: ">"
                    trailing_trivia:
                      - start_position:
                          bytes: 12
                          line: 1
                          character: 13
                        end_position:
                          bytes: 13
                          line: 1
                          character: 13
                        token_type:
                          type: Whitespace
                          characters: "\n"
  - ~

