---
source: full-moon/tests/pass_cases.rs
expression: tokens
input_file: full-moon/tests/luax_cases/pass/expression
---
- start_position:
    bytes: 0
    line: 1
    character: 1
  end_position:
    bytes: 6
    line: 1
    character: 7
  token_type:
    type: Symbol
    symbol: return
- start_position:
    bytes: 6
    line: 1
    character: 7
  end_position:
    bytes: 7
    line: 1
    character: 8
  token_type:
    type: Whitespace
    characters: " "
- start_position:
    bytes: 7
    line: 1
    character: 8
  end_position:
    bytes: 8
    line: 1
    character: 9
  token_type:
    type: Symbol
    symbol: "<"
- start_position:
    bytes: 8
    line: 1
    character: 9
  end_position:
    bytes: 17
    line: 1
    character: 18
  token_type:
    type: Identifier
    identifier: Component
- start_position:
    bytes: 17
    line: 1
    character: 18
  end_position:
    bytes: 18
    line: 1
    character: 19
  token_type:
    type: Symbol
    symbol: ">"
- start_position:
    bytes: 18
    line: 1
    character: 19
  end_position:
    bytes: 19
    line: 1
    character: 20
  token_type:
    type: Symbol
    symbol: "{"
- start_position:
    bytes: 19
    line: 1
    character: 20
  end_position:
    bytes: 28
    line: 1
    character: 29
  token_type:
    type: Identifier
    identifier: condition
- start_position:
    bytes: 28
    line: 1
    character: 29
  end_position:
    bytes: 29
    line: 1
    character: 30
  token_type:
    type: Whitespace
    characters: " "
- start_position:
    bytes: 29
    line: 1
    character: 30
  end_position:
    bytes: 32
    line: 1
    character: 33
  token_type:
    type: Symbol
    symbol: and
- start_position:
    bytes: 32
    line: 1
    character: 33
  end_position:
    bytes: 33
    line: 1
    character: 34
  token_type:
    type: Whitespace
    characters: " "
- start_position:
    bytes: 33
    line: 1
    character: 34
  end_position:
    bytes: 34
    line: 1
    character: 35
  token_type:
    type: Symbol
    symbol: "<"
- start_position:
    bytes: 34
    line: 1
    character: 35
  end_position:
    bytes: 39
    line: 1
    character: 40
  token_type:
    type: Identifier
    identifier: Child
- start_position:
    bytes: 39
    line: 1
    character: 40
  end_position:
    bytes: 40
    line: 1
    character: 41
  token_type:
    type: Symbol
    symbol: /
- start_position:
    bytes: 40
    line: 1
    character: 41
  end_position:
    bytes: 41
    line: 1
    character: 42
  token_type:
    type: Symbol
    symbol: ">"
- start_position:
    bytes: 41
    line: 1
    character: 42
  end_position:
    bytes: 42
    line: 1
    character: 43
  token_type:
    type: Symbol
    symbol: "}"
- start_position:
    bytes: 42
    line: 1
    character: 43
  end_position:
    bytes: 43
    line: 1
    character: 44
  token_type:
    type: Symbol
    symbol: "<"
- start_position:
    bytes: 43
    line: 1
    character: 44
  end_position:
    bytes: 44
    line: 1
    character: 45
  token_type:
    type: Symbol
    symbol: /
- start_position:
    bytes: 44
    line: 1
    character: 45
  end_position:
    bytes: 53
    line: 1
    character: 54
  token_type:
    type: Identifier
    identifier: Component
- start_position:
    bytes: 53
    line: 1
    character: 54
  end_position:
    bytes: 54
    line: 1
    character: 55
  token_type:
    type: Symbol
    symbol: ">"
- start_position:
    bytes: 54
    line: 1
    character: 55
  end_position:
    bytes: 55
    line: 1
    character: 55
  token_type:
    type: Whitespace
    characters: "\n"
- start_position:
    bytes: 55
    line: 2
    character: 1
  end_position:
    bytes: 55
    line: 2
    character: 1
  token_type:
    type: Eof

