---
source: full-moon/tests/pass_cases.rs
expression: ast.nodes()
input_file: full-moon/tests/luax_cases/pass/fragment-children
---
stmts: []
last_stmt:
  - Return:
      token:
        leading_trivia: []
        token:
          start_position:
            bytes: 0
            line: 1
            character: 1
          end_position:
            bytes: 6
            line: 1
            character: 7
          token_type:
            type: Symbol
            symbol: return
        trailing_trivia:
          - start_position:
              bytes: 6
              line: 1
              character: 7
            end_position:
              bytes: 7
              line: 1
              character: 8
            token_type:
              type: Whitespace
              characters: " "
      returns:
        pairs:
          - End:
              Parentheses:
                contained:
                  tokens:
                    - leading_trivia: []
                      token:
                        start_position:
                          bytes: 7
                          line: 1
                          character: 8
                        end_position:
                          bytes: 8
                          line: 1
                          character: 9
                        token_type:
                          type: Symbol
                          symbol: (
                      trailing_trivia: []
                    - leading_trivia: []
                      token:
                        start_position:
                          bytes: 36
                          line: 4
                          character: 4
                        end_position:
                          bytes: 37
                          line: 4
                          character: 5
                        token_type:
                          type: Symbol
                          symbol: )
                      trailing_trivia:
                        - start_position:
                            bytes: 37
                            line: 4
                            character: 5
                          end_position:
                            bytes: 38
                            line: 4
                            character: 5
                          token_type:
                            type: Whitespace
                            characters: "\n"
                expression:
                  LuaxFragment:
                    opening_fragment:
                      opening_bracket:
                        leading_trivia: []
                        token:
                          start_position:
                            bytes: 8
                            line: 1
                            character: 9
                          end_position:
                            bytes: 9
                            line: 1
                            character: 10
                          token_type:
                            type: Symbol
                            symbol: "<"
                        trailing_trivia: []
                      closing_bracket:
                        leading_trivia: []
                        token:
                          start_position:
                            bytes: 9
                            line: 1
                            character: 10
                          end_position:
                            bytes: 10
                            line: 1
                            character: 11
                          token_type:
                            type: Symbol
                            symbol: ">"
                        trailing_trivia:
                          - start_position:
                              bytes: 10
                              line: 1
                              character: 11
                            end_position:
                              bytes: 11
                              line: 1
                              character: 11
                            token_type:
                              type: Whitespace
                              characters: "\n"
                    children:
                      - Element:
                          opening_element:
                            opening_bracket:
                              leading_trivia:
                                - start_position:
                                    bytes: 11
                                    line: 2
                                    character: 1
                                  end_position:
                                    bytes: 12
                                    line: 2
                                    character: 2
                                  token_type:
                                    type: Whitespace
                                    characters: "\t"
                              token:
                                start_position:
                                  bytes: 12
                                  line: 2
                                  character: 2
                                end_position:
                                  bytes: 13
                                  line: 2
                                  character: 3
                                token_type:
                                  type: Symbol
                                  symbol: "<"
                              trailing_trivia: []
                            name:
                              Name:
                                leading_trivia: []
                                token:
                                  start_position:
                                    bytes: 13
                                    line: 2
                                    character: 3
                                  end_position:
                                    bytes: 19
                                    line: 2
                                    character: 9
                                  token_type:
                                    type: Identifier
                                    identifier: Child1
                                trailing_trivia: []
                            attributes: []
                            self_closing:
                              leading_trivia: []
                              token:
                                start_position:
                                  bytes: 19
                                  line: 2
                                  character: 9
                                end_position:
                                  bytes: 20
                                  line: 2
                                  character: 10
                                token_type:
                                  type: Symbol
                                  symbol: /
                              trailing_trivia: []
                            closing_bracket:
                              leading_trivia: []
                              token:
                                start_position:
                                  bytes: 20
                                  line: 2
                                  character: 10
                                end_position:
                                  bytes: 21
                                  line: 2
                                  character: 11
                                token_type:
                                  type: Symbol
                                  symbol: ">"
                              trailing_trivia:
                                - start_position:
                                    bytes: 21
                                    line: 2
                                    character: 11
                                  end_position:
                                    bytes: 22
                                    line: 2
                                    character: 11
                                  token_type:
                                    type: Whitespace
                                    characters: "\n"
                          children: []
                          closing_element: ~
                      - Element:
                          opening_element:
                            opening_bracket:
                              leading_trivia:
                                - start_position:
                                    bytes: 22
                                    line: 3
                                    character: 1
                                  end_position:
                                    bytes: 23
                                    line: 3
                                    character: 2
                                  token_type:
                                    type: Whitespace
                                    characters: "\t"
                              token:
                                start_position:
                                  bytes: 23
                                  line: 3
                                  character: 2
                                end_position:
                                  bytes: 24
                                  line: 3
                                  character: 3
                                token_type:
                                  type: Symbol
                                  symbol: "<"
                              trailing_trivia: []
                            name:
                              Name:
                                leading_trivia: []
                                token:
                                  start_position:
                                    bytes: 24
                                    line: 3
                                    character: 3
                                  end_position:
                                    bytes: 30
                                    line: 3
                                    character: 9
                                  token_type:
                                    type: Identifier
                                    identifier: Child2
                                trailing_trivia: []
                            attributes: []
                            self_closing:
                              leading_trivia: []
                              token:
                                start_position:
                                  bytes: 30
                                  line: 3
                                  character: 9
                                end_position:
                                  bytes: 31
                                  line: 3
                                  character: 10
                                token_type:
                                  type: Symbol
                                  symbol: /
                              trailing_trivia: []
                            closing_bracket:
                              leading_trivia: []
                              token:
                                start_position:
                                  bytes: 31
                                  line: 3
                                  character: 10
                                end_position:
                                  bytes: 32
                                  line: 3
                                  character: 11
                                token_type:
                                  type: Symbol
                                  symbol: ">"
                              trailing_trivia:
                                - start_position:
                                    bytes: 32
                                    line: 3
                                    character: 11
                                  end_position:
                                    bytes: 33
                                    line: 3
                                    character: 11
                                  token_type:
                                    type: Whitespace
                                    characters: "\n"
                          children: []
                          closing_element: ~
                    closing_fragment:
                      opening_bracket:
                        leading_trivia: []
                        token:
                          start_position:
                            bytes: 33
                            line: 4
                            character: 1
                          end_position:
                            bytes: 34
                            line: 4
                            character: 2
                          token_type:
                            type: Symbol
                            symbol: "<"
                        trailing_trivia: []
                      slash:
                        leading_trivia: []
                        token:
                          start_position:
                            bytes: 34
                            line: 4
                            character: 2
                          end_position:
                            bytes: 35
                            line: 4
                            character: 3
                          token_type:
                            type: Symbol
                            symbol: /
                        trailing_trivia: []
                      closing_bracket:
                        leading_trivia: []
                        token:
                          start_position:
                            bytes: 35
                            line: 4
                            character: 3
                          end_position:
                            bytes: 36
                            line: 4
                            character: 4
                          token_type:
                            type: Symbol
                            symbol: ">"
                        trailing_trivia: []
  - ~

