---
source: full-moon/tests/pass_cases.rs
expression: tokens
input_file: full-moon/tests/luax_cases/pass/fragment-children
---
- start_position:
    bytes: 0
    line: 1
    character: 1
  end_position:
    bytes: 6
    line: 1
    character: 7
  token_type:
    type: Symbol
    symbol: return
- start_position:
    bytes: 6
    line: 1
    character: 7
  end_position:
    bytes: 7
    line: 1
    character: 8
  token_type:
    type: Whitespace
    characters: " "
- start_position:
    bytes: 7
    line: 1
    character: 8
  end_position:
    bytes: 8
    line: 1
    character: 9
  token_type:
    type: Symbol
    symbol: (
- start_position:
    bytes: 8
    line: 1
    character: 9
  end_position:
    bytes: 9
    line: 1
    character: 10
  token_type:
    type: Symbol
    symbol: "<"
- start_position:
    bytes: 9
    line: 1
    character: 10
  end_position:
    bytes: 10
    line: 1
    character: 11
  token_type:
    type: Symbol
    symbol: ">"
- start_position:
    bytes: 10
    line: 1
    character: 11
  end_position:
    bytes: 11
    line: 1
    character: 11
  token_type:
    type: Whitespace
    characters: "\n"
- start_position:
    bytes: 11
    line: 2
    character: 1
  end_position:
    bytes: 12
    line: 2
    character: 2
  token_type:
    type: Whitespace
    characters: "\t"
- start_position:
    bytes: 12
    line: 2
    character: 2
  end_position:
    bytes: 13
    line: 2
    character: 3
  token_type:
    type: Symbol
    symbol: "<"
- start_position:
    bytes: 13
    line: 2
    character: 3
  end_position:
    bytes: 19
    line: 2
    character: 9
  token_type:
    type: Identifier
    identifier: Child1
- start_position:
    bytes: 19
    line: 2
    character: 9
  end_position:
    bytes: 20
    line: 2
    character: 10
  token_type:
    type: Symbol
    symbol: /
- start_position:
    bytes: 20
    line: 2
    character: 10
  end_position:
    bytes: 21
    line: 2
    character: 11
  token_type:
    type: Symbol
    symbol: ">"
- start_position:
    bytes: 21
    line: 2
    character: 11
  end_position:
    bytes: 22
    line: 2
    character: 11
  token_type:
    type: Whitespace
    characters: "\n"
- start_position:
    bytes: 22
    line: 3
    character: 1
  end_position:
    bytes: 23
    line: 3
    character: 2
  token_type:
    type: Whitespace
    characters: "\t"
- start_position:
    bytes: 23
    line: 3
    character: 2
  end_position:
    bytes: 24
    line: 3
    character: 3
  token_type:
    type: Symbol
    symbol: "<"
- start_position:
    bytes: 24
    line: 3
    character: 3
  end_position:
    bytes: 30
    line: 3
    character: 9
  token_type:
    type: Identifier
    identifier: Child2
- start_position:
    bytes: 30
    line: 3
    character: 9
  end_position:
    bytes: 31
    line: 3
    character: 10
  token_type:
    type: Symbol
    symbol: /
- start_position:
    bytes: 31
    line: 3
    character: 10
  end_position:
    bytes: 32
    line: 3
    character: 11
  token_type:
    type: Symbol
    symbol: ">"
- start_position:
    bytes: 32
    line: 3
    character: 11
  end_position:
    bytes: 33
    line: 3
    character: 11
  token_type:
    type: Whitespace
    characters: "\n"
- start_position:
    bytes: 33
    line: 4
    character: 1
  end_position:
    bytes: 34
    line: 4
    character: 2
  token_type:
    type: Symbol
    symbol: "<"
- start_position:
    bytes: 34
    line: 4
    character: 2
  end_position:
    bytes: 35
    line: 4
    character: 3
  token_type:
    type: Symbol
    symbol: /
- start_position:
    bytes: 35
    line: 4
    character: 3
  end_position:
    bytes: 36
    line: 4
    character: 4
  token_type:
    type: Symbol
    symbol: ">"
- start_position:
    bytes: 36
    line: 4
    character: 4
  end_position:
    bytes: 37
    line: 4
    character: 5
  token_type:
    type: Symbol
    symbol: )
- start_position:
    bytes: 37
    line: 4
    character: 5
  end_position:
    bytes: 38
    line: 4
    character: 5
  token_type:
    type: Whitespace
    characters: "\n"
- start_position:
    bytes: 38
    line: 5
    character: 1
  end_position:
    bytes: 38
    line: 5
    character: 1
  token_type:
    type: Eof

